I'm sorry, but errors were detected in your script. Please correct the
errors listed below, and try again.


File "game/script.rpy", line 161: 'drop' is not a keyword argument or valid child of the fixed statement.
    drop:
        ^

Ren'Py Version: Ren'Py 8.4.1.25072401
Mon Sep 29 23:30:32 2025
